17:35:03 | INFO: Data are loaded, start creating Blender stuff
17:35:03 | INFO: Blender create Mesh node Chanel Ankle Boots Peep-Toe L_cloth_011_0
17:35:03 | INFO: Blender create Mesh node Chanel Ankle Boots Peep-Toe L_cloth_011_0
17:35:04 | INFO: Blender create Mesh node Chanel Ankle Boots Peep-Toe L_cloth_011_0
17:35:04 | INFO: Blender create Mesh node Chanel Ankle Boots Peep-Toe L_07 - Default_0
17:35:04 | INFO: Blender create Mesh node Chanel Ankle Boots Peep-Toe L_04 - Default_0
17:35:04 | INFO: Blender create Mesh node Chanel Ankle Boots Peep-Toe L_02 - Default_0
17:35:04 | INFO: Blender create Mesh node Chanel Ankle Boots Peep-Toe L_05 - Default_0
17:35:04 | INFO: Blender create Mesh node Chanel Ankle Boots Peep-Toe L_03 - Default_0
17:35:04 | INFO: Blender create Mesh node Chanel Ankle Boots Peep-Toe L_24 - Default_0
17:35:04 | INFO: Blender create Mesh node Chanel Ankle Boots Peep-Toe L_carpet_05_0
17:35:04 | INFO: Blender create Mesh node Chanel Ankle Boots Peep-Toe L_08 - Default_0
17:35:04 | INFO: Blender create Mesh node Chanel Ankle Boots Peep-Toe R_cloth_011_0
17:35:04 | INFO: Blender create Mesh node Chanel Ankle Boots Peep-Toe R_cloth_011_0
17:35:04 | INFO: Blender create Mesh node Chanel Ankle Boots Peep-Toe R_cloth_011_0
17:35:04 | INFO: Blender create Mesh node Chanel Ankle Boots Peep-Toe R_07 - Default_0
17:35:05 | INFO: Blender create Mesh node Chanel Ankle Boots Peep-Toe R_04 - Default_0
17:35:05 | INFO: Blender create Mesh node Chanel Ankle Boots Peep-Toe R_03 - Default_0
17:35:05 | INFO: Blender create Mesh node Chanel Ankle Boots Peep-Toe R_02 - Default_0
17:35:05 | INFO: Blender create Mesh node Chanel Ankle Boots Peep-Toe R_05 - Default_0
17:35:05 | INFO: Blender create Mesh node Chanel Ankle Boots Peep-Toe R_24 - Default_0
17:35:05 | INFO: Blender create Mesh node Chanel Ankle Boots Peep-Toe R_carpet_05_0
17:35:05 | INFO: Blender create Mesh node Chanel Ankle Boots Peep-Toe R_08 - Default_0
17:35:05 | INFO: glTF import finished in 1.47s
/Users/stepan/agora-work/agora_style.py:122: DeprecationWarning: 'Material.use_nodes' is expected to be removed in Blender 6.0
  if not m.use_nodes: continue
AGORA_DIMS 243.1969 206.9607 197.8263  ground_z=-0.00000
AGORA_APPLIED []
AGORA_MATLINKS_DROPPED 0
INFO Draco is available, use library at /Applications/Blender.app/Contents/Resources/5.2/scripts/addons_core/io_scene_gltf2/libbf_intern_draco_bridge.dylib
INFO MeshOptimizer is available, use library at /Applications/Blender.app/Contents/Resources/5.2/scripts/addons_core/io_scene_gltf2/libbf_intern_meshopt_bridge.dylib
17:35:05 | INFO: Starting glTF 2.0 export
17:35:05 | INFO: Extracting primitive: Chanel Ankle Boots Peep-Toe L_02 - Default_0
17:35:05 | INFO: Primitives created: 1
17:35:05 | INFO: Extracting primitive: Chanel Ankle Boots Peep-Toe L_03 - Default_0
17:35:05 | INFO: Primitives created: 1
17:35:05 | INFO: Extracting primitive: Chanel Ankle Boots Peep-Toe L_04 - Default_0
17:35:05 | INFO: Primitives created: 1
17:35:05 | INFO: Extracting primitive: Chanel Ankle Boots Peep-Toe L_05 - Default_0
17:35:05 | INFO: Primitives created: 1
17:35:05 | INFO: Extracting primitive: Chanel Ankle Boots Peep-Toe L_07 - Default_0
17:35:05 | INFO: Primitives created: 1
17:35:05 | INFO: Extracting primitive: Chanel Ankle Boots Peep-Toe L_08 - Default_0
17:35:05 | INFO: Primitives created: 1
17:35:05 | INFO: Extracting primitive: Chanel Ankle Boots Peep-Toe L_24 - Default_0
17:35:05 | INFO: Primitives created: 1
17:35:05 | INFO: Extracting primitive: Chanel Ankle Boots Peep-Toe L_carpet_05_0
17:35:05 | INFO: Primitives created: 1
17:35:05 | INFO: Extracting primitive: Chanel Ankle Boots Peep-Toe L_cloth_011_0
17:35:05 | INFO: Primitives created: 1
17:35:05 | INFO: Extracting primitive: Chanel Ankle Boots Peep-Toe L_cloth_011_0.001
17:35:05 | INFO: Primitives created: 1
17:35:05 | INFO: Extracting primitive: Chanel Ankle Boots Peep-Toe L_cloth_011_0.002
17:35:05 | INFO: Primitives created: 1
17:35:05 | INFO: Extracting primitive: Chanel Ankle Boots Peep-Toe R_02 - Default_0
17:35:05 | INFO: Primitives created: 1
17:35:05 | INFO: Extracting primitive: Chanel Ankle Boots Peep-Toe R_03 - Default_0
17:35:05 | INFO: Primitives created: 1
17:35:05 | INFO: Extracting primitive: Chanel Ankle Boots Peep-Toe R_04 - Default_0
17:35:05 | INFO: Primitives created: 1
17:35:05 | INFO: Extracting primitive: Chanel Ankle Boots Peep-Toe R_05 - Default_0
17:35:05 | INFO: Primitives created: 1
17:35:05 | INFO: Extracting primitive: Chanel Ankle Boots Peep-Toe R_07 - Default_0
17:35:05 | INFO: Primitives created: 1
17:35:05 | INFO: Extracting primitive: Chanel Ankle Boots Peep-Toe R_08 - Default_0
17:35:05 | INFO: Primitives created: 1
17:35:05 | INFO: Extracting primitive: Chanel Ankle Boots Peep-Toe R_24 - Default_0
17:35:05 | INFO: Primitives created: 1
17:35:05 | INFO: Extracting primitive: Chanel Ankle Boots Peep-Toe R_carpet_05_0
17:35:05 | INFO: Primitives created: 1
17:35:05 | INFO: Extracting primitive: Chanel Ankle Boots Peep-Toe R_cloth_011_0
17:35:05 | INFO: Primitives created: 1
17:35:05 | INFO: Extracting primitive: Chanel Ankle Boots Peep-Toe R_cloth_011_0.001
17:35:06 | INFO: Primitives created: 1
17:35:06 | INFO: Extracting primitive: Chanel Ankle Boots Peep-Toe R_cloth_011_0.002
17:35:06 | INFO: Primitives created: 1
17:35:06 | INFO: Finished glTF 2.0 export in 0.9672238826751709 s

17:35:06 | INFO: Data are loaded, start creating Blender stuff
17:35:06 | INFO: Blender create Mesh node Chanel Ankle Boots Peep-Toe L_02 - Default_0
17:35:06 | INFO: Blender create Mesh node Chanel Ankle Boots Peep-Toe L_03 - Default_0
17:35:06 | INFO: Blender create Mesh node Chanel Ankle Boots Peep-Toe L_04 - Default_0
17:35:06 | INFO: Blender create Mesh node Chanel Ankle Boots Peep-Toe L_05 - Default_0
17:35:06 | INFO: Blender create Mesh node Chanel Ankle Boots Peep-Toe L_07 - Default_0
17:35:06 | INFO: Blender create Mesh node Chanel Ankle Boots Peep-Toe L_08 - Default_0
17:35:06 | INFO: Blender create Mesh node Chanel Ankle Boots Peep-Toe L_24 - Default_0
17:35:06 | INFO: Blender create Mesh node Chanel Ankle Boots Peep-Toe L_carpet_05_0
17:35:06 | INFO: Blender create Mesh node Chanel Ankle Boots Peep-Toe L_cloth_011_0
17:35:06 | INFO: Blender create Mesh node Chanel Ankle Boots Peep-Toe L_cloth_011_0.001
17:35:07 | INFO: Blender create Mesh node Chanel Ankle Boots Peep-Toe L_cloth_011_0.002
17:35:07 | INFO: Blender create Mesh node Chanel Ankle Boots Peep-Toe R_02 - Default_0
17:35:07 | INFO: Blender create Mesh node Chanel Ankle Boots Peep-Toe R_03 - Default_0
17:35:07 | INFO: Blender create Mesh node Chanel Ankle Boots Peep-Toe R_04 - Default_0
17:35:07 | INFO: Blender create Mesh node Chanel Ankle Boots Peep-Toe R_05 - Default_0
17:35:07 | INFO: Blender create Mesh node Chanel Ankle Boots Peep-Toe R_07 - Default_0
17:35:07 | INFO: Blender create Mesh node Chanel Ankle Boots Peep-Toe R_08 - Default_0
17:35:07 | INFO: Blender create Mesh node Chanel Ankle Boots Peep-Toe R_24 - Default_0
17:35:07 | INFO: Blender create Mesh node Chanel Ankle Boots Peep-Toe R_carpet_05_0
17:35:07 | INFO: Blender create Mesh node Chanel Ankle Boots Peep-Toe R_cloth_011_0
17:35:07 | INFO: Blender create Mesh node Chanel Ankle Boots Peep-Toe R_cloth_011_0.001
17:35:07 | INFO: Blender create Mesh node Chanel Ankle Boots Peep-Toe R_cloth_011_0.002
17:35:07 | INFO: glTF import finished in 1.64s
AGORA_REIMPORT meshes=22 tris=942672 images=0 no_uv=0
AGORA_OK
Blender 5.2.0 LTS (hash fbe6228777e7 built 2026-07-14 01:31:22)

Blender quit
