17:35:03 | INFO: Data are loaded, start creating Blender stuff
17:35:03 | INFO: Blender create Mesh node Bag
17:35:03 | INFO: Blender create Mesh node Cube
17:35:03 | INFO: Blender create Mesh node Matcap
17:35:03 | INFO: glTF import finished in 0.18s
/Users/stepan/agora-work/agora_style.py:122: DeprecationWarning: 'Material.use_nodes' is expected to be removed in Blender 6.0
  if not m.use_nodes: continue
AGORA_DIMS 0.3035 0.1145 0.1884  ground_z=0.00000
AGORA_APPLIED []
AGORA_MATLINKS_DROPPED 0
INFO Draco is available, use library at /Applications/Blender.app/Contents/Resources/5.2/scripts/addons_core/io_scene_gltf2/libbf_intern_draco_bridge.dylib
INFO MeshOptimizer is available, use library at /Applications/Blender.app/Contents/Resources/5.2/scripts/addons_core/io_scene_gltf2/libbf_intern_meshopt_bridge.dylib
17:35:03 | INFO: Starting glTF 2.0 export
17:35:03 | INFO: Extracting primitive: Bag
17:35:03 | INFO: Primitives created: 1
17:35:03 | INFO: Extracting primitive: Cube
17:35:03 | INFO: Primitives created: 1
17:35:03 | INFO: Extracting primitive: Matcap
17:35:04 | INFO: Primitives created: 1
17:35:04 | INFO: Finished glTF 2.0 export in 0.08223581314086914 s

17:35:04 | INFO: Data are loaded, start creating Blender stuff
17:35:04 | INFO: Blender create Mesh node Bag
17:35:04 | INFO: Blender create Mesh node Cube
17:35:04 | INFO: Blender create Mesh node Matcap
17:35:04 | INFO: glTF import finished in 0.15s
AGORA_REIMPORT meshes=3 tris=92536 images=2 no_uv=0
AGORA_OK
Blender 5.2.0 LTS (hash fbe6228777e7 built 2026-07-14 01:31:22)

Blender quit
