17:35:05 | INFO: Data are loaded, start creating Blender stuff
17:35:05 | INFO: Blender create Mesh node Object_0
17:35:05 | INFO: Blender create Mesh node Object_1
17:35:05 | INFO: Blender create Mesh node Object_2
17:35:05 | INFO: Blender create Mesh node Object_3
17:35:05 | INFO: glTF import finished in 0.68s
/Users/stepan/agora-work/agora_style.py:122: DeprecationWarning: 'Material.use_nodes' is expected to be removed in Blender 6.0
  if not m.use_nodes: continue
AGORA_DIMS 6.3920 3.3592 2.6342  ground_z=0.00000
AGORA_APPLIED []
AGORA_MATLINKS_DROPPED 0
INFO Draco is available, use library at /Applications/Blender.app/Contents/Resources/5.2/scripts/addons_core/io_scene_gltf2/libbf_intern_draco_bridge.dylib
INFO MeshOptimizer is available, use library at /Applications/Blender.app/Contents/Resources/5.2/scripts/addons_core/io_scene_gltf2/libbf_intern_meshopt_bridge.dylib
17:35:05 | INFO: Starting glTF 2.0 export
17:35:05 | INFO: Extracting primitive: Object_0
17:35:06 | INFO: Primitives created: 1
17:35:06 | INFO: Extracting primitive: Object_1
17:35:06 | INFO: Primitives created: 1
17:35:06 | INFO: Extracting primitive: Object_2
17:35:06 | INFO: Primitives created: 1
17:35:06 | INFO: Extracting primitive: Object_3
17:35:06 | INFO: Primitives created: 1
17:35:06 | INFO: Finished glTF 2.0 export in 0.5795378684997559 s

17:35:06 | INFO: Data are loaded, start creating Blender stuff
17:35:06 | INFO: Blender create Mesh node Object_0
17:35:06 | INFO: Blender create Mesh node Object_1
17:35:07 | INFO: Blender create Mesh node Object_2
17:35:07 | INFO: Blender create Mesh node Object_3
17:35:07 | INFO: glTF import finished in 0.78s
AGORA_REIMPORT meshes=4 tris=353672 images=1 no_uv=0
AGORA_OK
Blender 5.2.0 LTS (hash fbe6228777e7 built 2026-07-14 01:31:22)

Blender quit
