17:35:04 | INFO: Data are loaded, start creating Blender stuff
17:35:04 | INFO: Blender create Mesh node defaultMaterial
17:35:05 | INFO: glTF import finished in 0.06s
/Users/stepan/agora-work/agora_style.py:122: DeprecationWarning: 'Material.use_nodes' is expected to be removed in Blender 6.0
  if not m.use_nodes: continue
AGORA_DIMS 25.9689 20.5562 22.3604  ground_z=0.00000
AGORA_APPLIED []
AGORA_MATLINKS_DROPPED 0
INFO Draco is available, use library at /Applications/Blender.app/Contents/Resources/5.2/scripts/addons_core/io_scene_gltf2/libbf_intern_draco_bridge.dylib
INFO MeshOptimizer is available, use library at /Applications/Blender.app/Contents/Resources/5.2/scripts/addons_core/io_scene_gltf2/libbf_intern_meshopt_bridge.dylib
17:35:05 | INFO: Starting glTF 2.0 export
17:35:05 | INFO: Extracting primitive: defaultMaterial
17:35:05 | WARNING: More than one shader node tex image used for a texture. The resulting glTF sampler will behave like the first shader node tex image.
17:35:05 | INFO: Primitives created: 1
17:35:05 | INFO: Finished glTF 2.0 export in 0.12292814254760742 s

17:35:05 | INFO: Data are loaded, start creating Blender stuff
17:35:05 | INFO: Blender create Mesh node defaultMaterial
17:35:05 | INFO: glTF import finished in 0.07s
AGORA_REIMPORT meshes=1 tris=30905 images=3 no_uv=0
AGORA_OK
Blender 5.2.0 LTS (hash fbe6228777e7 built 2026-07-14 01:31:22)

Blender quit
