17:35:06 | INFO: Data are loaded, start creating Blender stuff
17:35:06 | INFO: Blender create Mesh node Motif.001_Material.003_0
17:35:06 | INFO: Blender create Mesh node Motif.001_Material.003_0
17:35:07 | INFO: Blender create Mesh node Motif.001_Material.003_0
17:35:07 | INFO: Blender create Mesh node Motif.001_Dore_0
17:35:07 | INFO: Blender create Mesh node Motif.001_Dore_0
17:35:07 | INFO: Blender create Mesh node Motif.001_Dore_0
17:35:07 | INFO: Blender create Mesh node Motif.001_Dore_0
17:35:08 | INFO: Blender create Mesh node Motif.001_Dore_0
17:35:08 | INFO: glTF import finished in 1.60s
/Users/stepan/agora-work/agora_style.py:122: DeprecationWarning: 'Material.use_nodes' is expected to be removed in Blender 6.0
  if not m.use_nodes: continue
AGORA_DIMS 478.5753 169.7555 305.4740  ground_z=-0.00000
AGORA_APPLIED []
AGORA_MATLINKS_DROPPED 0
INFO Draco is available, use library at /Applications/Blender.app/Contents/Resources/5.2/scripts/addons_core/io_scene_gltf2/libbf_intern_draco_bridge.dylib
INFO MeshOptimizer is available, use library at /Applications/Blender.app/Contents/Resources/5.2/scripts/addons_core/io_scene_gltf2/libbf_intern_meshopt_bridge.dylib
17:35:08 | INFO: Starting glTF 2.0 export
17:35:08 | INFO: Extracting primitive: Motif.001_Dore_0
17:35:08 | INFO: Primitives created: 1
17:35:08 | INFO: Extracting primitive: Motif.001_Dore_0.001
17:35:08 | INFO: Primitives created: 1
17:35:08 | INFO: Extracting primitive: Motif.001_Dore_0.002
17:35:08 | INFO: Primitives created: 1
17:35:08 | INFO: Extracting primitive: Motif.001_Dore_0.003
17:35:08 | INFO: Primitives created: 1
17:35:08 | INFO: Extracting primitive: Motif.001_Dore_0.004
17:35:08 | INFO: Primitives created: 1
17:35:08 | INFO: Extracting primitive: Motif.001_Material.003_0
17:35:08 | INFO: Primitives created: 1
17:35:08 | INFO: Extracting primitive: Motif.001_Material.003_0.001
17:35:08 | INFO: Primitives created: 1
17:35:08 | INFO: Extracting primitive: Motif.001_Material.003_0.002
17:35:08 | INFO: Primitives created: 1
17:35:09 | INFO: Finished glTF 2.0 export in 0.7808728218078613 s

17:35:09 | INFO: Data are loaded, start creating Blender stuff
17:35:09 | INFO: Blender create Mesh node Motif.001_Dore_0
17:35:09 | INFO: Blender create Mesh node Motif.001_Dore_0.001
17:35:09 | INFO: Blender create Mesh node Motif.001_Dore_0.002
17:35:09 | INFO: Blender create Mesh node Motif.001_Dore_0.003
17:35:09 | INFO: Blender create Mesh node Motif.001_Dore_0.004
17:35:10 | INFO: Blender create Mesh node Motif.001_Material.003_0
17:35:10 | INFO: Blender create Mesh node Motif.001_Material.003_0.001
17:35:10 | INFO: Blender create Mesh node Motif.001_Material.003_0.002
17:35:10 | INFO: glTF import finished in 1.43s
AGORA_REIMPORT meshes=8 tris=948277 images=0 no_uv=0
AGORA_OK
Blender 5.2.0 LTS (hash fbe6228777e7 built 2026-07-14 01:31:22)

Blender quit
