17:35:08 | INFO: Data are loaded, start creating Blender stuff
17:35:08 | INFO: Blender create Mesh node Object_0
17:35:08 | INFO: Blender create Mesh node Object_1
17:35:08 | INFO: Blender create Mesh node Object_2
17:35:08 | INFO: Blender create Mesh node Object_3
17:35:08 | INFO: Blender create Mesh node Object_4
17:35:08 | INFO: Blender create Mesh node Object_5
17:35:08 | INFO: Blender create Mesh node Object_6
17:35:08 | INFO: Blender create Mesh node Object_7
17:35:08 | INFO: Blender create Mesh node Object_8
17:35:08 | INFO: Blender create Mesh node Object_9
17:35:08 | INFO: Blender create Mesh node Object_10
17:35:08 | INFO: Blender create Mesh node Object_11
17:35:08 | INFO: Blender create Mesh node Object_12
17:35:08 | INFO: Blender create Mesh node Object_13
17:35:08 | INFO: Blender create Mesh node Object_14
17:35:08 | INFO: Blender create Mesh node Object_15
17:35:08 | INFO: glTF import finished in 0.42s
/Users/stepan/agora-work/agora_style.py:122: DeprecationWarning: 'Material.use_nodes' is expected to be removed in Blender 6.0
  if not m.use_nodes: continue
AGORA_DIMS 0.1305 0.2999 0.1409  ground_z=0.00000
AGORA_APPLIED []
AGORA_MATLINKS_DROPPED 0
INFO Draco is available, use library at /Applications/Blender.app/Contents/Resources/5.2/scripts/addons_core/io_scene_gltf2/libbf_intern_draco_bridge.dylib
INFO MeshOptimizer is available, use library at /Applications/Blender.app/Contents/Resources/5.2/scripts/addons_core/io_scene_gltf2/libbf_intern_meshopt_bridge.dylib
17:35:08 | INFO: Starting glTF 2.0 export
17:35:08 | INFO: Extracting primitive: Object_0
17:35:08 | INFO: Primitives created: 1
17:35:08 | INFO: Extracting primitive: Object_1
17:35:08 | INFO: Primitives created: 1
17:35:08 | INFO: Extracting primitive: Object_2
17:35:08 | INFO: Primitives created: 1
17:35:08 | INFO: Extracting primitive: Object_3
17:35:08 | INFO: Primitives created: 1
17:35:08 | INFO: Extracting primitive: Object_4
17:35:08 | INFO: Primitives created: 1
17:35:08 | INFO: Extracting primitive: Object_5
17:35:08 | INFO: Primitives created: 1
17:35:08 | INFO: Extracting primitive: Object_6
17:35:08 | INFO: Primitives created: 1
17:35:08 | INFO: Extracting primitive: Object_7
17:35:08 | INFO: Primitives created: 1
17:35:08 | INFO: Extracting primitive: Object_8
17:35:09 | INFO: Primitives created: 1
17:35:09 | INFO: Extracting primitive: Object_9
17:35:09 | INFO: Primitives created: 1
17:35:09 | INFO: Extracting primitive: Object_10
17:35:09 | INFO: Primitives created: 1
17:35:09 | INFO: Extracting primitive: Object_11
17:35:09 | INFO: Primitives created: 1
17:35:09 | INFO: Extracting primitive: Object_12
17:35:09 | INFO: Primitives created: 1
17:35:09 | INFO: Extracting primitive: Object_13
17:35:09 | INFO: Primitives created: 1
17:35:09 | INFO: Extracting primitive: Object_14
17:35:09 | INFO: Primitives created: 1
17:35:09 | INFO: Extracting primitive: Object_15
17:35:09 | INFO: Primitives created: 1
17:35:09 | INFO: Finished glTF 2.0 export in 0.2359938621520996 s

17:35:09 | INFO: Data are loaded, start creating Blender stuff
17:35:09 | INFO: Blender create Mesh node Object_0
17:35:09 | INFO: Blender create Mesh node Object_1
17:35:09 | INFO: Blender create Mesh node Object_2
17:35:09 | INFO: Blender create Mesh node Object_3
17:35:09 | INFO: Blender create Mesh node Object_4
17:35:09 | INFO: Blender create Mesh node Object_5
17:35:09 | INFO: Blender create Mesh node Object_6
17:35:09 | INFO: Blender create Mesh node Object_7
17:35:09 | INFO: Blender create Mesh node Object_8
17:35:09 | INFO: Blender create Mesh node Object_9
17:35:09 | INFO: Blender create Mesh node Object_10
17:35:09 | INFO: Blender create Mesh node Object_11
17:35:09 | INFO: Blender create Mesh node Object_12
17:35:09 | INFO: Blender create Mesh node Object_13
17:35:09 | INFO: Blender create Mesh node Object_14
17:35:09 | INFO: Blender create Mesh node Object_15
17:35:09 | INFO: glTF import finished in 0.45s
AGORA_REIMPORT meshes=16 tris=180019 images=0 no_uv=0
AGORA_OK
Blender 5.2.0 LTS (hash fbe6228777e7 built 2026-07-14 01:31:22)

Blender quit
