17:35:10 | INFO: Data are loaded, start creating Blender stuff
17:35:10 | INFO: Blender create Mesh node polySurface340_Leather_B01_Black_25cm_0
17:35:10 | INFO: Blender create Mesh node Rectangle03_03 - Default_0
17:35:10 | INFO: Blender create Mesh node Object02_Gold_Blurry_0
17:35:11 | INFO: Blender create Mesh node Object02_Gold_Blurry_0
17:35:11 | INFO: Blender create Mesh node Object02_Gold_Blurry_0
17:35:11 | INFO: glTF import finished in 0.42s
/Users/stepan/agora-work/agora_style.py:122: DeprecationWarning: 'Material.use_nodes' is expected to be removed in Blender 6.0
  if not m.use_nodes: continue
AGORA_DIMS 0.1354 0.0502 0.1232  ground_z=0.00000
AGORA_APPLIED []
AGORA_MATLINKS_DROPPED 0
INFO Draco is available, use library at /Applications/Blender.app/Contents/Resources/5.2/scripts/addons_core/io_scene_gltf2/libbf_intern_draco_bridge.dylib
INFO MeshOptimizer is available, use library at /Applications/Blender.app/Contents/Resources/5.2/scripts/addons_core/io_scene_gltf2/libbf_intern_meshopt_bridge.dylib
17:35:11 | INFO: Starting glTF 2.0 export
17:35:11 | INFO: Extracting primitive: Object02_Gold_Blurry_0
17:35:11 | INFO: Primitives created: 1
17:35:11 | INFO: Extracting primitive: Object02_Gold_Blurry_0.001
17:35:11 | INFO: Primitives created: 1
17:35:11 | INFO: Extracting primitive: Object02_Gold_Blurry_0.002
17:35:11 | INFO: Primitives created: 1
17:35:11 | INFO: Extracting primitive: polySurface340_Leather_B01_Black_25cm_0
17:35:11 | INFO: Primitives created: 1
17:35:11 | INFO: Extracting primitive: Rectangle03_03 - Default_0
17:35:11 | INFO: Primitives created: 1
17:35:11 | INFO: Finished glTF 2.0 export in 0.19887495040893555 s

17:35:11 | INFO: Data are loaded, start creating Blender stuff
17:35:11 | INFO: Blender create Mesh node Object02_Gold_Blurry_0
17:35:11 | INFO: Blender create Mesh node Object02_Gold_Blurry_0.001
17:35:11 | INFO: Blender create Mesh node Object02_Gold_Blurry_0.002
17:35:11 | INFO: Blender create Mesh node polySurface340_Leather_B01_Black_25cm_0
17:35:11 | INFO: Blender create Mesh node Rectangle03_03 - Default_0
17:35:11 | INFO: glTF import finished in 0.39s
AGORA_REIMPORT meshes=5 tris=261748 images=1 no_uv=0
AGORA_OK
Blender 5.2.0 LTS (hash fbe6228777e7 built 2026-07-14 01:31:22)

Blender quit
