17:35:49 | INFO: Data are loaded, start creating Blender stuff
17:35:49 | INFO: Blender create Mesh node Bracelet_Nez
17:35:49 | INFO: Blender create Mesh node cadran
17:35:49 | INFO: Blender create Mesh node cadran.001
17:35:49 | INFO: Blender create Mesh node Diamants_prim0
17:35:49 | INFO: Blender create Mesh node Diamants_prim0.001
17:35:50 | INFO: Blender create Mesh node Diamants_prim1
17:35:50 | INFO: Blender create Mesh node Diamants_prim1.001
17:35:50 | INFO: Blender create Mesh node Diamants_prim1.002
17:35:50 | INFO: Blender create Mesh node Diamants_prim1.003
17:35:51 | INFO: Blender create Mesh node Diamants_prim1.004
17:35:52 | INFO: Blender create Mesh node dos
17:35:53 | INFO: Blender create Mesh node Emeraude_Saphir_ext
17:35:53 | INFO: Blender create Mesh node Emeraude_Saphir_int
17:35:53 | INFO: Blender create Mesh node Griffes
17:35:54 | INFO: Blender create Mesh node Griffes.001
17:35:54 | INFO: Blender create Mesh node Heure
17:35:54 | INFO: Blender create Mesh node Minute
17:35:54 | INFO: Blender create Mesh node Nacre
17:35:54 | INFO: Blender create Mesh node Panthere
17:35:55 | INFO: Blender create Mesh node Panthere.001
17:35:56 | INFO: glTF import finished in 6.83s
/Users/stepan/agora-work/qc_render.py:32: DeprecationWarning: 'World.use_nodes' is expected to be removed in Blender 6.0
  w.use_nodes = True
00:18.197  render           | Saved: '/Users/stepan/agora-objaverse-viewer/qc/cartier-panthere__48f03527_front.png'
00:22.503  render           | Saved: '/Users/stepan/agora-objaverse-viewer/qc/cartier-panthere__48f03527_three-quarter.png'
00:36.088  render           | Saved: '/Users/stepan/agora-objaverse-viewer/qc/cartier-panthere__48f03527_side.png'
00:41.997  render           | Saved: '/Users/stepan/agora-objaverse-viewer/qc/cartier-panthere__48f03527_top-detail.png'
QC_STATS meshes=20 tris~=477889 dims=0.029,0.068,0.065
QC_VIEW Standard
QC_SHEET_SKIP No module named 'PIL'
Blender 5.2.0 LTS (hash fbe6228777e7 built 2026-07-14 01:31:22)

Blender quit
