17:35:49 | INFO: Data are loaded, start creating Blender stuff
17:35:49 | INFO: Blender create Mesh node Chanel Ankle Boots Peep-Toe L_02 - Default_0
17:35:49 | INFO: Blender create Mesh node Chanel Ankle Boots Peep-Toe L_03 - Default_0
17:35:49 | INFO: Blender create Mesh node Chanel Ankle Boots Peep-Toe L_04 - Default_0
17:35:49 | INFO: Blender create Mesh node Chanel Ankle Boots Peep-Toe L_05 - Default_0
17:35:49 | INFO: Blender create Mesh node Chanel Ankle Boots Peep-Toe L_07 - Default_0
17:35:49 | INFO: Blender create Mesh node Chanel Ankle Boots Peep-Toe L_08 - Default_0
17:35:49 | INFO: Blender create Mesh node Chanel Ankle Boots Peep-Toe L_24 - Default_0
17:35:49 | INFO: Blender create Mesh node Chanel Ankle Boots Peep-Toe L_carpet_05_0
17:35:49 | INFO: Blender create Mesh node Chanel Ankle Boots Peep-Toe L_cloth_011_0
17:35:49 | INFO: Blender create Mesh node Chanel Ankle Boots Peep-Toe L_cloth_011_0.001
17:35:50 | INFO: Blender create Mesh node Chanel Ankle Boots Peep-Toe L_cloth_011_0.002
17:35:50 | INFO: Blender create Mesh node Chanel Ankle Boots Peep-Toe R_02 - Default_0
17:35:50 | INFO: Blender create Mesh node Chanel Ankle Boots Peep-Toe R_03 - Default_0
17:35:50 | INFO: Blender create Mesh node Chanel Ankle Boots Peep-Toe R_04 - Default_0
17:35:50 | INFO: Blender create Mesh node Chanel Ankle Boots Peep-Toe R_05 - Default_0
17:35:50 | INFO: Blender create Mesh node Chanel Ankle Boots Peep-Toe R_07 - Default_0
17:35:50 | INFO: Blender create Mesh node Chanel Ankle Boots Peep-Toe R_08 - Default_0
17:35:50 | INFO: Blender create Mesh node Chanel Ankle Boots Peep-Toe R_24 - Default_0
17:35:50 | INFO: Blender create Mesh node Chanel Ankle Boots Peep-Toe R_carpet_05_0
17:35:51 | INFO: Blender create Mesh node Chanel Ankle Boots Peep-Toe R_cloth_011_0
17:35:52 | INFO: Blender create Mesh node Chanel Ankle Boots Peep-Toe R_cloth_011_0.001
17:35:53 | INFO: Blender create Mesh node Chanel Ankle Boots Peep-Toe R_cloth_011_0.002
17:35:53 | INFO: glTF import finished in 4.83s
/Users/stepan/agora-work/qc_render.py:32: DeprecationWarning: 'World.use_nodes' is expected to be removed in Blender 6.0
  w.use_nodes = True
00:13.944  render           | Saved: '/Users/stepan/agora-objaverse-viewer/qc/chanel-ankle-boots-peep-toe__0011c099_front.png'
00:14.749  render           | Saved: '/Users/stepan/agora-objaverse-viewer/qc/chanel-ankle-boots-peep-toe__0011c099_three-quarter.png'
00:16.100  render           | Saved: '/Users/stepan/agora-objaverse-viewer/qc/chanel-ankle-boots-peep-toe__0011c099_side.png'
00:17.838  render           | Saved: '/Users/stepan/agora-objaverse-viewer/qc/chanel-ankle-boots-peep-toe__0011c099_top-detail.png'
QC_STATS meshes=22 tris~=942672 dims=243.197,206.961,197.826
QC_VIEW Standard
QC_SHEET_SKIP No module named 'PIL'
Blender 5.2.0 LTS (hash fbe6228777e7 built 2026-07-14 01:31:22)

Blender quit
