17:36:29 | INFO: Data are loaded, start creating Blender stuff
17:36:29 | INFO: Blender create Mesh node Motif.001_Dore_0
17:36:29 | INFO: Blender create Mesh node Motif.001_Dore_0.001
17:36:29 | INFO: Blender create Mesh node Motif.001_Dore_0.002
17:36:29 | INFO: Blender create Mesh node Motif.001_Dore_0.003
17:36:30 | INFO: Blender create Mesh node Motif.001_Dore_0.004
17:36:30 | INFO: Blender create Mesh node Motif.001_Material.003_0
17:36:30 | INFO: Blender create Mesh node Motif.001_Material.003_0.001
17:36:30 | INFO: Blender create Mesh node Motif.001_Material.003_0.002
17:36:30 | INFO: glTF import finished in 1.32s
/Users/stepan/agora-work/qc_render.py:32: DeprecationWarning: 'World.use_nodes' is expected to be removed in Blender 6.0
  w.use_nodes = True
00:23.339  render           | Saved: '/Users/stepan/agora-objaverse-viewer/qc/handbag-chanel__bc418993_front.png'
00:25.566  render           | Saved: '/Users/stepan/agora-objaverse-viewer/qc/handbag-chanel__bc418993_three-quarter.png'
00:30.251  render           | Saved: '/Users/stepan/agora-objaverse-viewer/qc/handbag-chanel__bc418993_side.png'
00:32.424  render           | Saved: '/Users/stepan/agora-objaverse-viewer/qc/handbag-chanel__bc418993_top-detail.png'
QC_STATS meshes=8 tris~=948277 dims=478.575,169.756,305.474
QC_VIEW Standard
QC_SHEET_SKIP No module named 'PIL'
Blender 5.2.0 LTS (hash fbe6228777e7 built 2026-07-14 01:31:22)

Blender quit
