17:36:30 | INFO: Data are loaded, start creating Blender stuff
17:36:30 | INFO: Blender create Mesh node Object_0
17:36:30 | INFO: Blender create Mesh node Object_1
17:36:30 | INFO: Blender create Mesh node Object_2
17:36:30 | INFO: Blender create Mesh node Object_3
17:36:30 | INFO: Blender create Mesh node Object_4
17:36:30 | INFO: Blender create Mesh node Object_5
17:36:31 | INFO: Blender create Mesh node Object_6
17:36:31 | INFO: Blender create Mesh node Object_7
17:36:31 | INFO: Blender create Mesh node Object_8
17:36:31 | INFO: Blender create Mesh node Object_9
17:36:31 | INFO: Blender create Mesh node Object_10
17:36:31 | INFO: Blender create Mesh node Object_11
17:36:31 | INFO: Blender create Mesh node Object_12
17:36:31 | INFO: Blender create Mesh node Object_13
17:36:31 | INFO: Blender create Mesh node Object_14
17:36:31 | INFO: Blender create Mesh node Object_15
17:36:31 | INFO: glTF import finished in 0.56s
/Users/stepan/agora-work/qc_render.py:32: DeprecationWarning: 'World.use_nodes' is expected to be removed in Blender 6.0
  w.use_nodes = True
00:03.690  render           | Saved: '/Users/stepan/agora-objaverse-viewer/qc/louis-vuitton-lv-shoe__2ddb6a37_front.png'
00:05.800  render           | Saved: '/Users/stepan/agora-objaverse-viewer/qc/louis-vuitton-lv-shoe__2ddb6a37_three-quarter.png'
00:07.770  render           | Saved: '/Users/stepan/agora-objaverse-viewer/qc/louis-vuitton-lv-shoe__2ddb6a37_side.png'
00:10.972  render           | Saved: '/Users/stepan/agora-objaverse-viewer/qc/louis-vuitton-lv-shoe__2ddb6a37_top-detail.png'
QC_STATS meshes=16 tris~=180019 dims=0.131,0.300,0.141
QC_VIEW Standard
QC_SHEET_SKIP No module named 'PIL'
Blender 5.2.0 LTS (hash fbe6228777e7 built 2026-07-14 01:31:22)

Blender quit
