17:36:47 | INFO: Data are loaded, start creating Blender stuff
17:36:47 | INFO: Blender create Mesh node Object_0
17:36:47 | INFO: Blender create Mesh node Object_1
17:36:47 | INFO: Blender create Mesh node Object_2
17:36:48 | INFO: Blender create Mesh node Object_3
17:36:48 | INFO: Blender create Mesh node Object_4
17:36:48 | INFO: Blender create Mesh node Object_5
17:36:48 | INFO: Blender create Mesh node Object_6
17:36:48 | INFO: Blender create Mesh node Object_7
17:36:48 | INFO: Blender create Mesh node Object_8
17:36:49 | INFO: glTF import finished in 1.51s
/Users/stepan/agora-work/qc_render.py:32: DeprecationWarning: 'World.use_nodes' is expected to be removed in Blender 6.0
  w.use_nodes = True
00:15.848  render           | Saved: '/Users/stepan/agora-objaverse-viewer/qc/lv-suitcase__fea66ed0_front.png'
00:17.740  render           | Saved: '/Users/stepan/agora-objaverse-viewer/qc/lv-suitcase__fea66ed0_three-quarter.png'
00:18.876  render           | Saved: '/Users/stepan/agora-objaverse-viewer/qc/lv-suitcase__fea66ed0_side.png'
00:19.970  render           | Saved: '/Users/stepan/agora-objaverse-viewer/qc/lv-suitcase__fea66ed0_top-detail.png'
QC_STATS meshes=9 tris~=294276 dims=25.217,8.168,17.241
QC_VIEW Standard
QC_SHEET_SKIP No module named 'PIL'
Blender 5.2.0 LTS (hash fbe6228777e7 built 2026-07-14 01:31:22)

Blender quit
