17:36:48 | INFO: Data are loaded, start creating Blender stuff
17:36:48 | INFO: Blender create Mesh node Object_0
17:36:48 | INFO: Blender create Mesh node Object_1
17:36:48 | INFO: Blender create Mesh node Object_2
17:36:48 | INFO: Blender create Mesh node Object_3
17:36:48 | INFO: Blender create Mesh node Object_4
17:36:48 | INFO: Blender create Mesh node Object_5
17:36:48 | INFO: Blender create Mesh node Object_6
17:36:48 | INFO: Blender create Mesh node Object_7
17:36:48 | INFO: Blender create Mesh node Object_8
17:36:48 | INFO: Blender create Mesh node Object_9
17:36:48 | INFO: Blender create Mesh node Object_10
17:36:48 | INFO: Blender create Mesh node Object_11
17:36:48 | INFO: Blender create Mesh node Object_12
17:36:48 | INFO: Blender create Mesh node Object_13
17:36:48 | INFO: Blender create Mesh node Object_14
17:36:48 | INFO: Blender create Mesh node Object_15
17:36:48 | INFO: Blender create Mesh node Object_16
17:36:48 | INFO: Blender create Mesh node Object_17
17:36:48 | INFO: Blender create Mesh node Object_18
17:36:48 | INFO: Blender create Mesh node Object_19
17:36:48 | INFO: Blender create Mesh node Object_20
17:36:48 | INFO: Blender create Mesh node Object_21
17:36:48 | INFO: Blender create Mesh node Object_52
17:36:48 | INFO: Blender create Mesh node Object_53
17:36:48 | INFO: Blender create Mesh node Object_54
17:36:48 | INFO: Blender create Mesh node Object_55
17:36:48 | INFO: Blender create Mesh node Object_56
17:36:48 | INFO: Blender create Mesh node Object_57
17:36:48 | INFO: Blender create Mesh node Object_58
17:36:48 | INFO: Blender create Mesh node Object_95
17:36:48 | INFO: Blender create Mesh node Object_22
17:36:48 | INFO: Blender create Mesh node Object_23
17:36:48 | INFO: Blender create Mesh node Object_24
17:36:48 | INFO: Blender create Mesh node Object_25
17:36:48 | INFO: Blender create Mesh node Object_26
17:36:48 | INFO: Blender create Mesh node Object_27
17:36:48 | INFO: Blender create Mesh node Object_28
17:36:48 | INFO: Blender create Mesh node Object_29
17:36:48 | INFO: Blender create Mesh node Object_30
17:36:48 | INFO: Blender create Mesh node Object_31
17:36:48 | INFO: Blender create Mesh node Object_32
17:36:48 | INFO: Blender create Mesh node Object_33
17:36:48 | INFO: Blender create Mesh node Object_34
17:36:48 | INFO: Blender create Mesh node Object_35
17:36:48 | INFO: Blender create Mesh node Object_36
17:36:48 | INFO: Blender create Mesh node Object_37
17:36:48 | INFO: Blender create Mesh node Object_38
17:36:48 | INFO: Blender create Mesh node Object_39
17:36:48 | INFO: Blender create Mesh node Object_40
17:36:48 | INFO: Blender create Mesh node Object_41
17:36:48 | INFO: Blender create Mesh node Object_42
17:36:48 | INFO: Blender create Mesh node Object_43
17:36:48 | INFO: Blender create Mesh node Object_44
17:36:48 | INFO: Blender create Mesh node Object_45
17:36:48 | INFO: Blender create Mesh node Object_46
17:36:48 | INFO: Blender create Mesh node Object_47
17:36:48 | INFO: Blender create Mesh node Object_48
17:36:48 | INFO: Blender create Mesh node Object_49
17:36:48 | INFO: Blender create Mesh node Object_50
17:36:48 | INFO: Blender create Mesh node Object_51
17:36:48 | INFO: Blender create Mesh node Object_59
17:36:48 | INFO: Blender create Mesh node Object_60
17:36:48 | INFO: Blender create Mesh node Object_61
17:36:48 | INFO: Blender create Mesh node Object_62
17:36:48 | INFO: Blender create Mesh node Object_63
17:36:48 | INFO: Blender create Mesh node Object_64
17:36:48 | INFO: Blender create Mesh node Object_65
17:36:48 | INFO: Blender create Mesh node Object_66
17:36:48 | INFO: Blender create Mesh node Object_67
17:36:48 | INFO: Blender create Mesh node Object_68
17:36:48 | INFO: Blender create Mesh node Object_69
17:36:48 | INFO: Blender create Mesh node Object_70
17:36:48 | INFO: Blender create Mesh node Object_71
17:36:48 | INFO: Blender create Mesh node Object_72
17:36:48 | INFO: Blender create Mesh node Object_73
17:36:48 | INFO: Blender create Mesh node Object_74
17:36:48 | INFO: Blender create Mesh node Object_75
17:36:48 | INFO: Blender create Mesh node Object_76
17:36:48 | INFO: Blender create Mesh node Object_77
17:36:48 | INFO: Blender create Mesh node Object_78
17:36:48 | INFO: Blender create Mesh node Object_79
17:36:48 | INFO: Blender create Mesh node Object_80
17:36:48 | INFO: Blender create Mesh node Object_81
17:36:48 | INFO: Blender create Mesh node Object_82
17:36:48 | INFO: Blender create Mesh node Object_83
17:36:48 | INFO: Blender create Mesh node Object_84
17:36:48 | INFO: Blender create Mesh node Object_85
17:36:48 | INFO: Blender create Mesh node Object_86
17:36:48 | INFO: Blender create Mesh node Object_87
17:36:48 | INFO: Blender create Mesh node Object_88
17:36:48 | INFO: Blender create Mesh node Object_89
17:36:48 | INFO: Blender create Mesh node Object_90
17:36:48 | INFO: Blender create Mesh node Object_91
17:36:48 | INFO: Blender create Mesh node Object_92
17:36:48 | INFO: Blender create Mesh node Object_93
17:36:48 | INFO: Blender create Mesh node Object_94
17:36:48 | INFO: Blender create Mesh node Object_96
17:36:48 | INFO: Blender create Mesh node Object_97
17:36:48 | INFO: Blender create Mesh node Object_98
17:36:48 | INFO: Blender create Mesh node Object_99
17:36:48 | INFO: Blender create Mesh node Object_100
17:36:48 | INFO: Blender create Mesh node Object_101
17:36:48 | INFO: Blender create Mesh node Object_102
17:36:48 | INFO: Blender create Mesh node Object_103
17:36:48 | INFO: Blender create Mesh node Object_104
17:36:48 | INFO: Blender create Mesh node Object_105
17:36:48 | INFO: Blender create Mesh node Object_106
17:36:48 | INFO: Blender create Mesh node Object_107
17:36:48 | INFO: Blender create Mesh node Object_108
17:36:48 | INFO: Blender create Mesh node Object_109
17:36:48 | INFO: Blender create Mesh node Object_110
17:36:48 | INFO: Blender create Mesh node Object_111
17:36:48 | INFO: Blender create Mesh node Object_112
17:36:48 | INFO: Blender create Mesh node Object_113
17:36:48 | INFO: Blender create Mesh node Object_114
17:36:48 | INFO: Blender create Mesh node Object_115
17:36:48 | INFO: Blender create Mesh node Object_116
17:36:48 | INFO: Blender create Mesh node Object_117
17:36:48 | INFO: Blender create Mesh node Object_118
17:36:48 | INFO: Blender create Mesh node Object_119
17:36:48 | INFO: Blender create Mesh node Object_120
17:36:48 | INFO: Blender create Mesh node Object_121
17:36:48 | INFO: Blender create Mesh node Object_122
17:36:48 | INFO: Blender create Mesh node Object_123
17:36:48 | INFO: Blender create Mesh node Object_124
17:36:48 | INFO: Blender create Mesh node Object_125
17:36:48 | INFO: Blender create Mesh node Object_126
17:36:48 | INFO: Blender create Mesh node Object_127
17:36:48 | INFO: Blender create Mesh node Object_128
17:36:48 | INFO: Blender create Mesh node Object_129
17:36:48 | INFO: Blender create Mesh node Object_130
17:36:48 | INFO: Blender create Mesh node Object_131
17:36:48 | INFO: Blender create Mesh node Object_132
17:36:48 | INFO: Blender create Mesh node Object_133
17:36:48 | INFO: Blender create Mesh node Object_134
17:36:48 | INFO: Blender create Mesh node Object_135
17:36:48 | INFO: Blender create Mesh node Object_136
17:36:48 | INFO: Blender create Mesh node Object_137
17:36:48 | INFO: Blender create Mesh node Object_138
17:36:48 | INFO: Blender create Mesh node Object_139
17:36:48 | INFO: Blender create Mesh node Object_140
17:36:48 | INFO: Blender create Mesh node Object_141
17:36:48 | INFO: Blender create Mesh node Object_142
17:36:48 | INFO: Blender create Mesh node Object_143
17:36:48 | INFO: Blender create Mesh node Object_144
17:36:48 | INFO: Blender create Mesh node Object_145
17:36:48 | INFO: Blender create Mesh node Object_146
17:36:48 | INFO: Blender create Mesh node Object_147
17:36:48 | INFO: Blender create Mesh node Object_148
17:36:48 | INFO: Blender create Mesh node Object_149
17:36:48 | INFO: Blender create Mesh node Object_150
17:36:48 | INFO: Blender create Mesh node Object_151
17:36:48 | INFO: Blender create Mesh node Object_152
17:36:48 | INFO: Blender create Mesh node Object_153
17:36:48 | INFO: Blender create Mesh node Object_154
17:36:48 | INFO: Blender create Mesh node Object_155
17:36:48 | INFO: Blender create Mesh node Object_156
17:36:48 | INFO: Blender create Mesh node Object_157
17:36:48 | INFO: Blender create Mesh node Object_158
17:36:48 | INFO: Blender create Mesh node Object_159
17:36:48 | INFO: Blender create Mesh node Object_160
17:36:48 | INFO: Blender create Mesh node Object_161
17:36:48 | INFO: Blender create Mesh node Object_162
17:36:48 | INFO: Blender create Mesh node Object_163
17:36:48 | INFO: Blender create Mesh node Object_164
17:36:48 | INFO: Blender create Mesh node Object_165
17:36:48 | INFO: Blender create Mesh node Object_166
17:36:48 | INFO: Blender create Mesh node Object_167
17:36:48 | INFO: Blender create Mesh node Object_168
17:36:48 | INFO: Blender create Mesh node Object_169
17:36:48 | INFO: Blender create Mesh node Object_170
17:36:48 | INFO: Blender create Mesh node Object_171
17:36:48 | INFO: Blender create Mesh node Object_172
17:36:48 | INFO: Blender create Mesh node Object_173
17:36:48 | INFO: Blender create Mesh node Object_174
17:36:48 | INFO: Blender create Mesh node Object_175
17:36:48 | INFO: glTF import finished in 0.14s
/Users/stepan/agora-work/qc_render.py:32: DeprecationWarning: 'World.use_nodes' is expected to be removed in Blender 6.0
  w.use_nodes = True
00:14.401  render           | Saved: '/Users/stepan/agora-objaverse-viewer/qc/replicate-3d-model-of-prada-bag__d7673a8f_front.png'
00:15.874  render           | Saved: '/Users/stepan/agora-objaverse-viewer/qc/replicate-3d-model-of-prada-bag__d7673a8f_three-quarter.png'
00:16.583  render           | Saved: '/Users/stepan/agora-objaverse-viewer/qc/replicate-3d-model-of-prada-bag__d7673a8f_side.png'
00:17.640  render           | Saved: '/Users/stepan/agora-objaverse-viewer/qc/replicate-3d-model-of-prada-bag__d7673a8f_top-detail.png'
QC_STATS meshes=176 tris~=20423 dims=1.938,1.455,2.423
QC_VIEW Standard
QC_SHEET_SKIP No module named 'PIL'
Blender 5.2.0 LTS (hash fbe6228777e7 built 2026-07-14 01:31:22)

Blender quit
