17:37:12 | INFO: Data are loaded, start creating Blender stuff
17:37:12 | INFO: Blender create Mesh node Object_0
17:37:12 | INFO: Blender create Mesh node Object_1
17:37:12 | INFO: Blender create Mesh node Object_2
17:37:12 | INFO: Blender create Mesh node Object_3
17:37:12 | INFO: Blender create Mesh node Object_4
17:37:12 | INFO: Blender create Mesh node Object_5
17:37:12 | INFO: Blender create Mesh node Object_6
17:37:12 | INFO: glTF import finished in 0.33s
/Users/stepan/agora-work/qc_render.py:32: DeprecationWarning: 'World.use_nodes' is expected to be removed in Blender 6.0
  w.use_nodes = True
00:07.882  render           | Saved: '/Users/stepan/agora-objaverse-viewer/qc/rolex__c3da71a6_front.png'
00:09.403  render           | Saved: '/Users/stepan/agora-objaverse-viewer/qc/rolex__c3da71a6_three-quarter.png'
00:11.398  render           | Saved: '/Users/stepan/agora-objaverse-viewer/qc/rolex__c3da71a6_side.png'
00:14.838  render           | Saved: '/Users/stepan/agora-objaverse-viewer/qc/rolex__c3da71a6_top-detail.png'
QC_STATS meshes=7 tris~=97558 dims=4.569,8.825,9.658
QC_VIEW Standard
QC_SHEET_SKIP No module named 'PIL'
Blender 5.2.0 LTS (hash fbe6228777e7 built 2026-07-14 01:31:22)

Blender quit
